go: downloading github.com/prometheus/client_golang v1.20.5
go: downloading github.com/docker/docker v27.5.1+incompatible
go: downloading github.com/gin-gonic/gin v1.10.0
go: downloading modernc.org/sqlite v1.34.5
go: downloading github.com/robfig/cron/v3 v3.0.1
go: downloading github.com/gorilla/websocket v1.5.3
go: downloading golang.org/x/crypto v0.51.0
go: downloading github.com/golang-jwt/jwt/v5 v5.2.1
go: downloading github.com/go-playground/validator/v10 v10.20.0
go: downloading golang.org/x/net v0.55.0
go: downloading github.com/mattn/go-isatty v0.0.20
go: downloading google.golang.org/protobuf v1.36.11
go: downloading github.com/ugorji/go/codec v1.2.12
go: downloading github.com/pelletier/go-toml/v2 v2.2.2
go: downloading github.com/gin-contrib/sse v0.1.0
go: downloading gopkg.in/yaml.v3 v3.0.1
go: downloading github.com/prometheus/client_model v0.6.1
go: downloading github.com/beorn7/perks v1.0.1
go: downloading github.com/prometheus/common v0.55.0
go: downloading github.com/cespare/xxhash/v2 v2.3.0
go: downloading github.com/prometheus/procfs v0.15.1
go: downloading github.com/klauspost/compress v1.17.9
go: downloading golang.org/x/sys v0.45.0
go: downloading github.com/go-playground/universal-translator v0.18.1
go: downloading github.com/gabriel-vasile/mimetype v1.4.3
go: downloading github.com/leodido/go-urn v1.4.0
go: downloading golang.org/x/text v0.37.0
go: downloading github.com/munnerz/goautoneg v0.0.0-20191010083416-a7dc8b61c822
go: downloading github.com/go-playground/locales v0.14.1
go: downloading github.com/moby/docker-image-spec v1.3.1
go: downloading github.com/docker/go-connections v0.5.0
go: downloading github.com/docker/go-units v0.5.0
go: downloading github.com/opencontainers/image-spec v1.1.1
go: downloading github.com/opencontainers/go-digest v1.0.0
go: downloading go.opentelemetry.io/contrib/instrumentation/net/http/otelhttp v0.69.0
go: downloading github.com/gogo/protobuf v1.3.2
go: downloading github.com/pkg/errors v0.9.1
go: downloading github.com/distribution/reference v0.6.0
go: downloading go.opentelemetry.io/otel/trace v1.44.0
go: downloading go.opentelemetry.io/otel v1.44.0
go: downloading github.com/felixge/httpsnoop v1.0.4
go: downloading go.opentelemetry.io/otel/metric v1.44.0
go: downloading github.com/go-logr/stdr v1.2.2
go: downloading go.opentelemetry.io/auto/sdk v1.2.1
go: downloading github.com/go-logr/logr v1.4.3
go: downloading modernc.org/libc v1.55.3
go: downloading github.com/google/uuid v1.6.0
go: downloading modernc.org/memory v1.8.0
go: downloading github.com/dustin/go-humanize v1.0.1
go: downloading modernc.org/mathutil v1.6.0
go: downloading github.com/remyoudompheng/bigfft v0.0.0-20230129092748-24d4a6f8daec
?   	github.com/standalone-docker-backup/sdb/cmd/sdb	[no test files]
ok  	github.com/standalone-docker-backup/sdb/internal/api/http	0.012s
?   	github.com/standalone-docker-backup/sdb/internal/config	[no test files]
ok  	github.com/standalone-docker-backup/sdb/internal/domain	0.006s
ok  	github.com/standalone-docker-backup/sdb/internal/infra/crypto	0.348s
?   	github.com/standalone-docker-backup/sdb/internal/infra/docker	[no test files]
ok  	github.com/standalone-docker-backup/sdb/internal/infra/restic	0.007s
ok  	github.com/standalone-docker-backup/sdb/internal/infra/sqlite	0.064s
ok  	github.com/standalone-docker-backup/sdb/internal/infra/streamio	0.006s
?   	github.com/standalone-docker-backup/sdb/internal/metrics	[no test files]
ok  	github.com/standalone-docker-backup/sdb/internal/usecase	0.065s
?   	github.com/standalone-docker-backup/sdb/web	[no test files]
